I'm sorry, but errors were detected in your script. Please correct the
errors listed below, and try again.


File "game/scripts/part2/1_loop1.rpy", line 75: choice menuitem expects a non-empty block.
    "啊~舒服~":
            ^

Ren'Py Version: Ren'Py 8.0.3.22090809
Fri May 12 12:42:05 2023
